<?xml version="1.0" encoding="UTF-8" standalone="no"?>
<!DOCTYPE log SYSTEM "logger.dtd">
<log>
<record>
  <date>2019-05-29T22:38:13</date>
  <millis>1559162293006</millis>
  <sequence>0</sequence>
  <logger>org.uma.jmetal.util.JMetalLogger</logger>
  <level>INFO</level>
  <class>org.uma.jmetal.util.JMetalLogger</class>
  <method>configureLoggers</method>
  <thread>16</thread>
  <message>Loggers configured with null</message>
</record>
<record>
  <date>2019-05-29T22:38:13</date>
  <millis>1559162293087</millis>
  <sequence>1</sequence>
  <logger>org.uma.jmetal.util.JMetalLogger</logger>
  <level>SEVERE</level>
  <class>org.uma.jmetal.util.JMetalException</class>
  <method>&lt;init&gt;</method>
  <thread>16</thread>
  <message>Format number exception when reading file</message>
  <exception>
    <message>java.lang.NumberFormatException: For input string: "&lt;!DOCTYPE"</message>
    <frame>
      <class>sun.misc.FloatingDecimal</class>
      <method>readJavaFormatString</method>
      <line>2043</line>
    </frame>
    <frame>
      <class>sun.misc.FloatingDecimal</class>
      <method>parseDouble</method>
      <line>110</line>
    </frame>
    <frame>
      <class>java.lang.Double</class>
      <method>parseDouble</method>
      <line>538</line>
    </frame>
    <frame>
      <class>java.lang.Double</class>
      <method>&lt;init&gt;</method>
      <line>608</line>
    </frame>
    <frame>
      <class>org.uma.jmetal.util.front.imp.ArrayFront</class>
      <method>&lt;init&gt;</method>
      <line>115</line>
    </frame>
    <frame>
      <class>Main</class>
      <method>selectProblem</method>
      <line>1251</line>
    </frame>
    <frame>
      <class>Main</class>
      <method>problemSelected</method>
      <line>1319</line>
    </frame>
    <frame>
      <class>sun.reflect.NativeMethodAccessorImpl</class>
      <method>invoke0</method>
    </frame>
    <frame>
      <class>sun.reflect.NativeMethodAccessorImpl</class>
      <method>invoke</method>
      <line>62</line>
    </frame>
    <frame>
      <class>sun.reflect.DelegatingMethodAccessorImpl</class>
      <method>invoke</method>
      <line>43</line>
    </frame>
    <frame>
      <class>java.lang.reflect.Method</class>
      <method>invoke</method>
      <line>498</line>
    </frame>
    <frame>
      <class>sun.reflect.misc.Trampoline</class>
      <method>invoke</method>
      <line>71</line>
    </frame>
    <frame>
      <class>sun.reflect.GeneratedMethodAccessor1</class>
      <method>invoke</method>
    </frame>
    <frame>
      <class>sun.reflect.DelegatingMethodAccessorImpl</class>
      <method>invoke</method>
      <line>43</line>
    </frame>
    <frame>
      <class>java.lang.reflect.Method</class>
      <method>invoke</method>
      <line>498</line>
    </frame>
    <frame>
      <class>sun.reflect.misc.MethodUtil</class>
      <method>invoke</method>
      <line>275</line>
    </frame>
    <frame>
      <class>javafx.fxml.FXMLLoader$MethodHandler</class>
      <method>invoke</method>
      <line>1769</line>
    </frame>
    <frame>
      <class>javafx.fxml.FXMLLoader$ControllerMethodEventHandler</class>
      <method>handle</method>
      <line>1657</line>
    </frame>
    <frame>
      <class>com.sun.javafx.event.CompositeEventHandler</class>
      <method>dispatchBubblingEvent</method>
      <line>86</line>
    </frame>
    <frame>
      <class>com.sun.javafx.event.EventHandlerManager</class>
      <method>dispatchBubblingEvent</method>
      <line>238</line>
    </frame>
    <frame>
      <class>com.sun.javafx.event.EventHandlerManager</class>
      <method>dispatchBubblingEvent</method>
      <line>191</line>
    </frame>
    <frame>
      <class>com.sun.javafx.event.CompositeEventDispatcher</class>
      <method>dispatchBubblingEvent</method>
      <line>59</line>
    </frame>
    <frame>
      <class>com.sun.javafx.event.BasicEventDispatcher</class>
      <method>dispatchEvent</method>
      <line>58</line>
    </frame>
    <frame>
      <class>com.sun.javafx.event.EventDispatchChainImpl</class>
      <method>dispatchEvent</method>
      <line>114</line>
    </frame>
    <frame>
      <class>com.sun.javafx.event.BasicEventDispatcher</class>
      <method>dispatchEvent</method>
      <line>56</line>
    </frame>
    <frame>
      <class>com.sun.javafx.event.EventDispatchChainImpl</class>
      <method>dispatchEvent</method>
      <line>114</line>
    </frame>
    <frame>
      <class>com.sun.javafx.event.BasicEventDispatcher</class>
      <method>dispatchEvent</method>
      <line>56</line>
    </frame>
    <frame>
      <class>com.sun.javafx.event.EventDispatchChainImpl</class>
      <method>dispatchEvent</method>
      <line>114</line>
    </frame>
    <frame>
      <class>com.sun.javafx.event.EventUtil</class>
      <method>fireEventImpl</method>
      <line>74</line>
    </frame>
    <frame>
      <class>com.sun.javafx.event.EventUtil</class>
      <method>fireEvent</method>
      <line>49</line>
    </frame>
    <frame>
      <class>javafx.event.Event</class>
      <method>fireEvent</method>
      <line>198</line>
    </frame>
    <frame>
      <class>javafx.scene.Node</class>
      <method>fireEvent</method>
      <line>8413</line>
    </frame>
    <frame>
      <class>com.sun.javafx.scene.control.skin.ComboBoxListViewSkin</class>
      <method>handleControlPropertyChanged</method>
      <line>179</line>
    </frame>
    <frame>
      <class>com.sun.javafx.scene.control.skin.BehaviorSkinBase</class>
      <method>lambda$registerChangeListener$61</method>
      <line>197</line>
    </frame>
    <frame>
      <class>com.sun.javafx.scene.control.MultiplePropertyChangeListenerHandler$1</class>
      <method>changed</method>
      <line>55</line>
    </frame>
    <frame>
      <class>javafx.beans.value.WeakChangeListener</class>
      <method>changed</method>
      <line>89</line>
    </frame>
    <frame>
      <class>com.sun.javafx.binding.ExpressionHelper$Generic</class>
      <method>fireValueChangedEvent</method>
      <line>361</line>
    </frame>
    <frame>
      <class>com.sun.javafx.binding.ExpressionHelper</class>
      <method>fireValueChangedEvent</method>
      <line>81</line>
    </frame>
    <frame>
      <class>javafx.beans.property.ObjectPropertyBase</class>
      <method>fireValueChangedEvent</method>
      <line>105</line>
    </frame>
    <frame>
      <class>javafx.beans.property.ObjectPropertyBase</class>
      <method>markInvalid</method>
      <line>112</line>
    </frame>
    <frame>
      <class>javafx.beans.property.ObjectPropertyBase</class>
      <method>set</method>
      <line>146</line>
    </frame>
    <frame>
      <class>javafx.scene.control.ComboBoxBase</class>
      <method>setValue</method>
      <line>150</line>
    </frame>
    <frame>
      <class>javafx.scene.control.ComboBox</class>
      <method>updateValue</method>
      <line>463</line>
    </frame>
    <frame>
      <class>javafx.scene.control.ComboBox</class>
      <method>access$200</method>
      <line>192</line>
    </frame>
    <frame>
      <class>javafx.scene.control.ComboBox$3</class>
      <method>changed</method>
      <line>446</line>
    </frame>
    <frame>
      <class>com.sun.javafx.binding.ExpressionHelper$Generic</class>
      <method>fireValueChangedEvent</method>
      <line>361</line>
    </frame>
    <frame>
      <class>com.sun.javafx.binding.ExpressionHelper</class>
      <method>fireValueChangedEvent</method>
      <line>81</line>
    </frame>
    <frame>
      <class>javafx.beans.property.ReadOnlyObjectPropertyBase</class>
      <method>fireValueChangedEvent</method>
      <line>74</line>
    </frame>
    <frame>
      <class>javafx.beans.property.ReadOnlyObjectWrapper</class>
      <method>fireValueChangedEvent</method>
      <line>102</line>
    </frame>
    <frame>
      <class>javafx.beans.property.ObjectPropertyBase</class>
      <method>markInvalid</method>
      <line>112</line>
    </frame>
    <frame>
      <class>javafx.beans.property.ObjectPropertyBase</class>
      <method>set</method>
      <line>146</line>
    </frame>
    <frame>
      <class>javafx.scene.control.SelectionModel</class>
      <method>setSelectedItem</method>
      <line>102</line>
    </frame>
    <frame>
      <class>javafx.scene.control.ComboBox$ComboBoxSelectionModel</class>
      <method>lambda$new$154</method>
      <line>494</line>
    </frame>
    <frame>
      <class>com.sun.javafx.binding.ExpressionHelper$SingleInvalidation</class>
      <method>fireValueChangedEvent</method>
      <line>137</line>
    </frame>
    <frame>
      <class>com.sun.javafx.binding.ExpressionHelper</class>
      <method>fireValueChangedEvent</method>
      <line>81</line>
    </frame>
    <frame>
      <class>javafx.beans.property.ReadOnlyIntegerPropertyBase</class>
      <method>fireValueChangedEvent</method>
      <line>72</line>
    </frame>
    <frame>
      <class>javafx.beans.property.ReadOnlyIntegerWrapper</class>
      <method>fireValueChangedEvent</method>
      <line>102</line>
    </frame>
    <frame>
      <class>javafx.beans.property.IntegerPropertyBase</class>
      <method>markInvalid</method>
      <line>113</line>
    </frame>
    <frame>
      <class>javafx.beans.property.IntegerPropertyBase</class>
      <method>set</method>
      <line>147</line>
    </frame>
    <frame>
      <class>javafx.scene.control.SelectionModel</class>
      <method>setSelectedIndex</method>
      <line>68</line>
    </frame>
    <frame>
      <class>javafx.scene.control.SingleSelectionModel</class>
      <method>updateSelectedIndex</method>
      <line>215</line>
    </frame>
    <frame>
      <class>javafx.scene.control.SingleSelectionModel</class>
      <method>select</method>
      <line>149</line>
    </frame>
    <frame>
      <class>com.sun.javafx.scene.control.skin.ComboBoxListViewSkin</class>
      <method>lambda$createListView$323</method>
      <line>484</line>
    </frame>
    <frame>
      <class>com.sun.javafx.binding.ExpressionHelper$Generic</class>
      <method>fireValueChangedEvent</method>
      <line>349</line>
    </frame>
    <frame>
      <class>com.sun.javafx.binding.ExpressionHelper</class>
      <method>fireValueChangedEvent</method>
      <line>81</line>
    </frame>
    <frame>
      <class>javafx.beans.property.ReadOnlyIntegerPropertyBase</class>
      <method>fireValueChangedEvent</method>
      <line>72</line>
    </frame>
    <frame>
      <class>javafx.beans.property.ReadOnlyIntegerWrapper</class>
      <method>fireValueChangedEvent</method>
      <line>102</line>
    </frame>
    <frame>
      <class>javafx.beans.property.IntegerPropertyBase</class>
      <method>markInvalid</method>
      <line>113</line>
    </frame>
    <frame>
      <class>javafx.beans.property.IntegerPropertyBase</class>
      <method>set</method>
      <line>147</line>
    </frame>
    <frame>
      <class>javafx.scene.control.SelectionModel</class>
      <method>setSelectedIndex</method>
      <line>68</line>
    </frame>
    <frame>
      <class>javafx.scene.control.MultipleSelectionModelBase</class>
      <method>select</method>
      <line>404</line>
    </frame>
    <frame>
      <class>javafx.scene.control.MultipleSelectionModelBase</class>
      <method>clearAndSelect</method>
      <line>356</line>
    </frame>
    <frame>
      <class>javafx.scene.control.ListView$ListViewBitSetSelectionModel</class>
      <method>clearAndSelect</method>
      <line>1403</line>
    </frame>
    <frame>
      <class>com.sun.javafx.scene.control.behavior.CellBehaviorBase</class>
      <method>simpleSelect</method>
      <line>256</line>
    </frame>
    <frame>
      <class>com.sun.javafx.scene.control.behavior.CellBehaviorBase</class>
      <method>doSelect</method>
      <line>220</line>
    </frame>
    <frame>
      <class>com.sun.javafx.scene.control.behavior.CellBehaviorBase</class>
      <method>mousePressed</method>
      <line>150</line>
    </frame>
    <frame>
      <class>com.sun.javafx.scene.control.skin.BehaviorSkinBase$1</class>
      <method>handle</method>
      <line>95</line>
    </frame>
    <frame>
      <class>com.sun.javafx.scene.control.skin.BehaviorSkinBase$1</class>
      <method>handle</method>
      <line>89</line>
    </frame>
    <frame>
      <class>com.sun.javafx.event.CompositeEventHandler$NormalEventHandlerRecord</class>
      <method>handleBubblingEvent</method>
      <line>218</line>
    </frame>
    <frame>
      <class>com.sun.javafx.event.CompositeEventHandler</class>
      <method>dispatchBubblingEvent</method>
      <line>80</line>
    </frame>
    <frame>
      <class>com.sun.javafx.event.EventHandlerManager</class>
      <method>dispatchBubblingEvent</method>
      <line>238</line>
    </frame>
    <frame>
      <class>com.sun.javafx.event.EventHandlerManager</class>
      <method>dispatchBubblingEvent</method>
      <line>191</line>
    </frame>
    <frame>
      <class>com.sun.javafx.event.CompositeEventDispatcher</class>
      <method>dispatchBubblingEvent</method>
      <line>59</line>
    </frame>
    <frame>
      <class>com.sun.javafx.event.BasicEventDispatcher</class>
      <method>dispatchEvent</method>
      <line>58</line>
    </frame>
    <frame>
      <class>com.sun.javafx.event.EventDispatchChainImpl</class>
      <method>dispatchEvent</method>
      <line>114</line>
    </frame>
    <frame>
      <class>com.sun.javafx.event.BasicEventDispatcher</class>
      <method>dispatchEvent</method>
      <line>56</line>
    </frame>
    <frame>
      <class>com.sun.javafx.event.EventDispatchChainImpl</class>
      <method>dispatchEvent</method>
      <line>114</line>
    </frame>
    <frame>
      <class>com.sun.javafx.event.BasicEventDispatcher</class>
      <method>dispatchEvent</method>
      <line>56</line>
    </frame>
    <frame>
      <class>com.sun.javafx.event.EventDispatchChainImpl</class>
      <method>dispatchEvent</method>
      <line>114</line>
    </frame>
    <frame>
      <class>com.sun.javafx.event.BasicEventDispatcher</class>
      <method>dispatchEvent</method>
      <line>56</line>
    </frame>
    <frame>
      <class>com.sun.javafx.event.EventDispatchChainImpl</class>
      <method>dispatchEvent</method>
      <line>114</line>
    </frame>
    <frame>
      <class>com.sun.javafx.event.EventUtil</class>
      <method>fireEventImpl</method>
      <line>74</line>
    </frame>
    <frame>
      <class>com.sun.javafx.event.EventUtil</class>
      <method>fireEvent</method>
      <line>54</line>
    </frame>
    <frame>
      <class>javafx.event.Event</class>
      <method>fireEvent</method>
      <line>198</line>
    </frame>
    <frame>
      <class>javafx.scene.Scene$MouseHandler</class>
      <method>process</method>
      <line>3757</line>
    </frame>
    <frame>
      <class>javafx.scene.Scene$MouseHandler</class>
      <method>access$1500</method>
      <line>3485</line>
    </frame>
    <frame>
      <class>javafx.scene.Scene</class>
      <method>impl_processMouseEvent</method>
      <line>1762</line>
    </frame>
    <frame>
      <class>javafx.scene.Scene$ScenePeerListener</class>
      <method>mouseEvent</method>
      <line>2494</line>
    </frame>
    <frame>
      <class>com.sun.javafx.tk.quantum.GlassViewEventHandler$MouseEventNotification</class>
      <method>run</method>
      <line>394</line>
    </frame>
    <frame>
      <class>com.sun.javafx.tk.quantum.GlassViewEventHandler$MouseEventNotification</class>
      <method>run</method>
      <line>295</line>
    </frame>
    <frame>
      <class>java.security.AccessController</class>
      <method>doPrivileged</method>
    </frame>
    <frame>
      <class>com.sun.javafx.tk.quantum.GlassViewEventHandler</class>
      <method>lambda$handleMouseEvent$353</method>
      <line>432</line>
    </frame>
    <frame>
      <class>com.sun.javafx.tk.quantum.QuantumToolkit</class>
      <method>runWithoutRenderLock</method>
      <line>389</line>
    </frame>
    <frame>
      <class>com.sun.javafx.tk.quantum.GlassViewEventHandler</class>
      <method>handleMouseEvent</method>
      <line>431</line>
    </frame>
    <frame>
      <class>com.sun.glass.ui.View</class>
      <method>handleMouseEvent</method>
      <line>555</line>
    </frame>
    <frame>
      <class>com.sun.glass.ui.View</class>
      <method>notifyMouse</method>
      <line>937</line>
    </frame>
    <frame>
      <class>com.sun.glass.ui.win.WinApplication</class>
      <method>_runLoop</method>
    </frame>
    <frame>
      <class>com.sun.glass.ui.win.WinApplication</class>
      <method>lambda$null$147</method>
      <line>177</line>
    </frame>
    <frame>
      <class>java.lang.Thread</class>
      <method>run</method>
      <line>748</line>
    </frame>
  </exception>
</record>
<record>
  <date>2019-05-29T22:51:32</date>
  <millis>1559163092971</millis>
  <sequence>2</sequence>
  <logger>org.uma.jmetal.util.JMetalLogger</logger>
  <level>SEVERE</level>
  <class>org.uma.jmetal.util.JMetalException</class>
  <method>&lt;init&gt;</method>
  <thread>16</thread>
  <message>Format number exception when reading file</message>
  <exception>
    <message>java.lang.NumberFormatException: For input string: "&lt;!DOCTYPE"</message>
    <frame>
      <class>sun.misc.FloatingDecimal</class>
      <method>readJavaFormatString</method>
      <line>2043</line>
    </frame>
    <frame>
      <class>sun.misc.FloatingDecimal</class>
      <method>parseDouble</method>
      <line>110</line>
    </frame>
    <frame>
      <class>java.lang.Double</class>
      <method>parseDouble</method>
      <line>538</line>
    </frame>
    <frame>
      <class>java.lang.Double</class>
      <method>&lt;init&gt;</method>
      <line>608</line>
    </frame>
    <frame>
      <class>org.uma.jmetal.util.front.imp.ArrayFront</class>
      <method>&lt;init&gt;</method>
      <line>115</line>
    </frame>
    <frame>
      <class>Main</class>
      <method>selectProblem</method>
      <line>1251</line>
    </frame>
    <frame>
      <class>Main</class>
      <method>problemSelected</method>
      <line>1319</line>
    </frame>
    <frame>
      <class>sun.reflect.NativeMethodAccessorImpl</class>
      <method>invoke0</method>
    </frame>
    <frame>
      <class>sun.reflect.NativeMethodAccessorImpl</class>
      <method>invoke</method>
      <line>62</line>
    </frame>
    <frame>
      <class>sun.reflect.DelegatingMethodAccessorImpl</class>
      <method>invoke</method>
      <line>43</line>
    </frame>
    <frame>
      <class>java.lang.reflect.Method</class>
      <method>invoke</method>
      <line>498</line>
    </frame>
    <frame>
      <class>sun.reflect.misc.Trampoline</class>
      <method>invoke</method>
      <line>71</line>
    </frame>
    <frame>
      <class>sun.reflect.GeneratedMethodAccessor1</class>
      <method>invoke</method>
    </frame>
    <frame>
      <class>sun.reflect.DelegatingMethodAccessorImpl</class>
      <method>invoke</method>
      <line>43</line>
    </frame>
    <frame>
      <class>java.lang.reflect.Method</class>
      <method>invoke</method>
      <line>498</line>
    </frame>
    <frame>
      <class>sun.reflect.misc.MethodUtil</class>
      <method>invoke</method>
      <line>275</line>
    </frame>
    <frame>
      <class>javafx.fxml.FXMLLoader$MethodHandler</class>
      <method>invoke</method>
      <line>1769</line>
    </frame>
    <frame>
      <class>javafx.fxml.FXMLLoader$ControllerMethodEventHandler</class>
      <method>handle</method>
      <line>1657</line>
    </frame>
    <frame>
      <class>com.sun.javafx.event.CompositeEventHandler</class>
      <method>dispatchBubblingEvent</method>
      <line>86</line>
    </frame>
    <frame>
      <class>com.sun.javafx.event.EventHandlerManager</class>
      <method>dispatchBubblingEvent</method>
      <line>238</line>
    </frame>
    <frame>
      <class>com.sun.javafx.event.EventHandlerManager</class>
      <method>dispatchBubblingEvent</method>
      <line>191</line>
    </frame>
    <frame>
      <class>com.sun.javafx.event.CompositeEventDispatcher</class>
      <method>dispatchBubblingEvent</method>
      <line>59</line>
    </frame>
    <frame>
      <class>com.sun.javafx.event.BasicEventDispatcher</class>
      <method>dispatchEvent</method>
      <line>58</line>
    </frame>
    <frame>
      <class>com.sun.javafx.event.EventDispatchChainImpl</class>
      <method>dispatchEvent</method>
      <line>114</line>
    </frame>
    <frame>
      <class>com.sun.javafx.event.BasicEventDispatcher</class>
      <method>dispatchEvent</method>
      <line>56</line>
    </frame>
    <frame>
      <class>com.sun.javafx.event.EventDispatchChainImpl</class>
      <method>dispatchEvent</method>
      <line>114</line>
    </frame>
    <frame>
      <class>com.sun.javafx.event.BasicEventDispatcher</class>
      <method>dispatchEvent</method>
      <line>56</line>
    </frame>
    <frame>
      <class>com.sun.javafx.event.EventDispatchChainImpl</class>
      <method>dispatchEvent</method>
      <line>114</line>
    </frame>
    <frame>
      <class>com.sun.javafx.event.EventUtil</class>
      <method>fireEventImpl</method>
      <line>74</line>
    </frame>
    <frame>
      <class>com.sun.javafx.event.EventUtil</class>
      <method>fireEvent</method>
      <line>49</line>
    </frame>
    <frame>
      <class>javafx.event.Event</class>
      <method>fireEvent</method>
      <line>198</line>
    </frame>
    <frame>
      <class>javafx.scene.Node</class>
      <method>fireEvent</method>
      <line>8413</line>
    </frame>
    <frame>
      <class>com.sun.javafx.scene.control.skin.ComboBoxListViewSkin</class>
      <method>handleControlPropertyChanged</method>
      <line>179</line>
    </frame>
    <frame>
      <class>com.sun.javafx.scene.control.skin.BehaviorSkinBase</class>
      <method>lambda$registerChangeListener$61</method>
      <line>197</line>
    </frame>
    <frame>
      <class>com.sun.javafx.scene.control.MultiplePropertyChangeListenerHandler$1</class>
      <method>changed</method>
      <line>55</line>
    </frame>
    <frame>
      <class>javafx.beans.value.WeakChangeListener</class>
      <method>changed</method>
      <line>89</line>
    </frame>
    <frame>
      <class>com.sun.javafx.binding.ExpressionHelper$Generic</class>
      <method>fireValueChangedEvent</method>
      <line>361</line>
    </frame>
    <frame>
      <class>com.sun.javafx.binding.ExpressionHelper</class>
      <method>fireValueChangedEvent</method>
      <line>81</line>
    </frame>
    <frame>
      <class>javafx.beans.property.ObjectPropertyBase</class>
      <method>fireValueChangedEvent</method>
      <line>105</line>
    </frame>
    <frame>
      <class>javafx.beans.property.ObjectPropertyBase</class>
      <method>markInvalid</method>
      <line>112</line>
    </frame>
    <frame>
      <class>javafx.beans.property.ObjectPropertyBase</class>
      <method>set</method>
      <line>146</line>
    </frame>
    <frame>
      <class>javafx.scene.control.ComboBoxBase</class>
      <method>setValue</method>
      <line>150</line>
    </frame>
    <frame>
      <class>javafx.scene.control.ComboBox</class>
      <method>updateValue</method>
      <line>463</line>
    </frame>
    <frame>
      <class>javafx.scene.control.ComboBox</class>
      <method>access$200</method>
      <line>192</line>
    </frame>
    <frame>
      <class>javafx.scene.control.ComboBox$3</class>
      <method>changed</method>
      <line>446</line>
    </frame>
    <frame>
      <class>com.sun.javafx.binding.ExpressionHelper$Generic</class>
      <method>fireValueChangedEvent</method>
      <line>361</line>
    </frame>
    <frame>
      <class>com.sun.javafx.binding.ExpressionHelper</class>
      <method>fireValueChangedEvent</method>
      <line>81</line>
    </frame>
    <frame>
      <class>javafx.beans.property.ReadOnlyObjectPropertyBase</class>
      <method>fireValueChangedEvent</method>
      <line>74</line>
    </frame>
    <frame>
      <class>javafx.beans.property.ReadOnlyObjectWrapper</class>
      <method>fireValueChangedEvent</method>
      <line>102</line>
    </frame>
    <frame>
      <class>javafx.beans.property.ObjectPropertyBase</class>
      <method>markInvalid</method>
      <line>112</line>
    </frame>
    <frame>
      <class>javafx.beans.property.ObjectPropertyBase</class>
      <method>set</method>
      <line>146</line>
    </frame>
    <frame>
      <class>javafx.scene.control.SelectionModel</class>
      <method>setSelectedItem</method>
      <line>102</line>
    </frame>
    <frame>
      <class>javafx.scene.control.ComboBox$ComboBoxSelectionModel</class>
      <method>lambda$new$154</method>
      <line>494</line>
    </frame>
    <frame>
      <class>com.sun.javafx.binding.ExpressionHelper$SingleInvalidation</class>
      <method>fireValueChangedEvent</method>
      <line>137</line>
    </frame>
    <frame>
      <class>com.sun.javafx.binding.ExpressionHelper</class>
      <method>fireValueChangedEvent</method>
      <line>81</line>
    </frame>
    <frame>
      <class>javafx.beans.property.ReadOnlyIntegerPropertyBase</class>
      <method>fireValueChangedEvent</method>
      <line>72</line>
    </frame>
    <frame>
      <class>javafx.beans.property.ReadOnlyIntegerWrapper</class>
      <method>fireValueChangedEvent</method>
      <line>102</line>
    </frame>
    <frame>
      <class>javafx.beans.property.IntegerPropertyBase</class>
      <method>markInvalid</method>
      <line>113</line>
    </frame>
    <frame>
      <class>javafx.beans.property.IntegerPropertyBase</class>
      <method>set</method>
      <line>147</line>
    </frame>
    <frame>
      <class>javafx.scene.control.SelectionModel</class>
      <method>setSelectedIndex</method>
      <line>68</line>
    </frame>
    <frame>
      <class>javafx.scene.control.SingleSelectionModel</class>
      <method>updateSelectedIndex</method>
      <line>215</line>
    </frame>
    <frame>
      <class>javafx.scene.control.SingleSelectionModel</class>
      <method>select</method>
      <line>149</line>
    </frame>
    <frame>
      <class>com.sun.javafx.scene.control.skin.ComboBoxListViewSkin</class>
      <method>lambda$createListView$323</method>
      <line>484</line>
    </frame>
    <frame>
      <class>com.sun.javafx.binding.ExpressionHelper$Generic</class>
      <method>fireValueChangedEvent</method>
      <line>349</line>
    </frame>
    <frame>
      <class>com.sun.javafx.binding.ExpressionHelper</class>
      <method>fireValueChangedEvent</method>
      <line>81</line>
    </frame>
    <frame>
      <class>javafx.beans.property.ReadOnlyIntegerPropertyBase</class>
      <method>fireValueChangedEvent</method>
      <line>72</line>
    </frame>
    <frame>
      <class>javafx.beans.property.ReadOnlyIntegerWrapper</class>
      <method>fireValueChangedEvent</method>
      <line>102</line>
    </frame>
    <frame>
      <class>javafx.beans.property.IntegerPropertyBase</class>
      <method>markInvalid</method>
      <line>113</line>
    </frame>
    <frame>
      <class>javafx.beans.property.IntegerPropertyBase</class>
      <method>set</method>
      <line>147</line>
    </frame>
    <frame>
      <class>javafx.scene.control.SelectionModel</class>
      <method>setSelectedIndex</method>
      <line>68</line>
    </frame>
    <frame>
      <class>javafx.scene.control.MultipleSelectionModelBase</class>
      <method>select</method>
      <line>404</line>
    </frame>
    <frame>
      <class>javafx.scene.control.MultipleSelectionModelBase</class>
      <method>clearAndSelect</method>
      <line>356</line>
    </frame>
    <frame>
      <class>javafx.scene.control.ListView$ListViewBitSetSelectionModel</class>
      <method>clearAndSelect</method>
      <line>1403</line>
    </frame>
    <frame>
      <class>com.sun.javafx.scene.control.behavior.CellBehaviorBase</class>
      <method>simpleSelect</method>
      <line>256</line>
    </frame>
    <frame>
      <class>com.sun.javafx.scene.control.behavior.CellBehaviorBase</class>
      <method>doSelect</method>
      <line>220</line>
    </frame>
    <frame>
      <class>com.sun.javafx.scene.control.behavior.CellBehaviorBase</class>
      <method>mousePressed</method>
      <line>150</line>
    </frame>
    <frame>
      <class>com.sun.javafx.scene.control.skin.BehaviorSkinBase$1</class>
      <method>handle</method>
      <line>95</line>
    </frame>
    <frame>
      <class>com.sun.javafx.scene.control.skin.BehaviorSkinBase$1</class>
      <method>handle</method>
      <line>89</line>
    </frame>
    <frame>
      <class>com.sun.javafx.event.CompositeEventHandler$NormalEventHandlerRecord</class>
      <method>handleBubblingEvent</method>
      <line>218</line>
    </frame>
    <frame>
      <class>com.sun.javafx.event.CompositeEventHandler</class>
      <method>dispatchBubblingEvent</method>
      <line>80</line>
    </frame>
    <frame>
      <class>com.sun.javafx.event.EventHandlerManager</class>
      <method>dispatchBubblingEvent</method>
      <line>238</line>
    </frame>
    <frame>
      <class>com.sun.javafx.event.EventHandlerManager</class>
      <method>dispatchBubblingEvent</method>
      <line>191</line>
    </frame>
    <frame>
      <class>com.sun.javafx.event.CompositeEventDispatcher</class>
      <method>dispatchBubblingEvent</method>
      <line>59</line>
    </frame>
    <frame>
      <class>com.sun.javafx.event.BasicEventDispatcher</class>
      <method>dispatchEvent</method>
      <line>58</line>
    </frame>
    <frame>
      <class>com.sun.javafx.event.EventDispatchChainImpl</class>
      <method>dispatchEvent</method>
      <line>114</line>
    </frame>
    <frame>
      <class>com.sun.javafx.event.BasicEventDispatcher</class>
      <method>dispatchEvent</method>
      <line>56</line>
    </frame>
    <frame>
      <class>com.sun.javafx.event.EventDispatchChainImpl</class>
      <method>dispatchEvent</method>
      <line>114</line>
    </frame>
    <frame>
      <class>com.sun.javafx.event.BasicEventDispatcher</class>
      <method>dispatchEvent</method>
      <line>56</line>
    </frame>
    <frame>
      <class>com.sun.javafx.event.EventDispatchChainImpl</class>
      <method>dispatchEvent</method>
      <line>114</line>
    </frame>
    <frame>
      <class>com.sun.javafx.event.BasicEventDispatcher</class>
      <method>dispatchEvent</method>
      <line>56</line>
    </frame>
    <frame>
      <class>com.sun.javafx.event.EventDispatchChainImpl</class>
      <method>dispatchEvent</method>
      <line>114</line>
    </frame>
    <frame>
      <class>com.sun.javafx.event.EventUtil</class>
      <method>fireEventImpl</method>
      <line>74</line>
    </frame>
    <frame>
      <class>com.sun.javafx.event.EventUtil</class>
      <method>fireEvent</method>
      <line>54</line>
    </frame>
    <frame>
      <class>javafx.event.Event</class>
      <method>fireEvent</method>
      <line>198</line>
    </frame>
    <frame>
      <class>javafx.scene.Scene$MouseHandler</class>
      <method>process</method>
      <line>3757</line>
    </frame>
    <frame>
      <class>javafx.scene.Scene$MouseHandler</class>
      <method>access$1500</method>
      <line>3485</line>
    </frame>
    <frame>
      <class>javafx.scene.Scene</class>
      <method>impl_processMouseEvent</method>
      <line>1762</line>
    </frame>
    <frame>
      <class>javafx.scene.Scene$ScenePeerListener</class>
      <method>mouseEvent</method>
      <line>2494</line>
    </frame>
    <frame>
      <class>com.sun.javafx.tk.quantum.GlassViewEventHandler$MouseEventNotification</class>
      <method>run</method>
      <line>394</line>
    </frame>
    <frame>
      <class>com.sun.javafx.tk.quantum.GlassViewEventHandler$MouseEventNotification</class>
      <method>run</method>
      <line>295</line>
    </frame>
    <frame>
      <class>java.security.AccessController</class>
      <method>doPrivileged</method>
    </frame>
    <frame>
      <class>com.sun.javafx.tk.quantum.GlassViewEventHandler</class>
      <method>lambda$handleMouseEvent$353</method>
      <line>432</line>
    </frame>
    <frame>
      <class>com.sun.javafx.tk.quantum.QuantumToolkit</class>
      <method>runWithoutRenderLock</method>
      <line>389</line>
    </frame>
    <frame>
      <class>com.sun.javafx.tk.quantum.GlassViewEventHandler</class>
      <method>handleMouseEvent</method>
      <line>431</line>
    </frame>
    <frame>
      <class>com.sun.glass.ui.View</class>
      <method>handleMouseEvent</method>
      <line>555</line>
    </frame>
    <frame>
      <class>com.sun.glass.ui.View</class>
      <method>notifyMouse</method>
      <line>937</line>
    </frame>
    <frame>
      <class>com.sun.glass.ui.win.WinApplication</class>
      <method>_runLoop</method>
    </frame>
    <frame>
      <class>com.sun.glass.ui.win.WinApplication</class>
      <method>lambda$null$147</method>
      <line>177</line>
    </frame>
    <frame>
      <class>java.lang.Thread</class>
      <method>run</method>
      <line>748</line>
    </frame>
  </exception>
</record>
